Archive member included because of file (symbol)

C:\marmalade\6.0\s3e\edk\lib\android\libedk.a(IwDebug.o)
                              debug\CustomURLHandler_platform.os (IwDebugTraceSetTraceChannel)
C:\marmalade\6.0\s3e\edk\lib\android\libedk.a(edk_helpers.o)
                              debug\CustomURLHandler_platform.os (s3eEdkThreadRunOnOS)
C:/android-ndk-r8/toolchains/arm-linux-androideabi-4.4.3/prebuilt/windows/bin/../lib/gcc/arm-linux-androideabi/4.4.3\libgcc.a(_aeabi_ldivmod.o)
                              C:\marmalade\6.0\s3e\edk\lib\android\libedk.a(IwDebug.o) (__aeabi_ldivmod)
C:/android-ndk-r8/toolchains/arm-linux-androideabi-4.4.3/prebuilt/windows/bin/../lib/gcc/arm-linux-androideabi/4.4.3\libgcc.a(bpabi.o)
                              C:/android-ndk-r8/toolchains/arm-linux-androideabi-4.4.3/prebuilt/windows/bin/../lib/gcc/arm-linux-androideabi/4.4.3\libgcc.a(_aeabi_ldivmod.o) (__gnu_ldivmod_helper)
C:/android-ndk-r8/toolchains/arm-linux-androideabi-4.4.3/prebuilt/windows/bin/../lib/gcc/arm-linux-androideabi/4.4.3\libgcc.a(unwind-arm.o)
                              C:\marmalade\6.0\s3e\edk\lib\android\libedk.a(IwDebug.o) (__aeabi_unwind_cpp_pr0)
C:/android-ndk-r8/toolchains/arm-linux-androideabi-4.4.3/prebuilt/windows/bin/../lib/gcc/arm-linux-androideabi/4.4.3\libgcc.a(libunwind.o)
                              C:/android-ndk-r8/toolchains/arm-linux-androideabi-4.4.3/prebuilt/windows/bin/../lib/gcc/arm-linux-androideabi/4.4.3\libgcc.a(unwind-arm.o) (restore_core_regs)
C:/android-ndk-r8/toolchains/arm-linux-androideabi-4.4.3/prebuilt/windows/bin/../lib/gcc/arm-linux-androideabi/4.4.3\libgcc.a(pr-support.o)
                              C:/android-ndk-r8/toolchains/arm-linux-androideabi-4.4.3/prebuilt/windows/bin/../lib/gcc/arm-linux-androideabi/4.4.3\libgcc.a(unwind-arm.o) (__gnu_unwind_execute)
C:/android-ndk-r8/toolchains/arm-linux-androideabi-4.4.3/prebuilt/windows/bin/../lib/gcc/arm-linux-androideabi/4.4.3\libgcc.a(_divdi3.o)
                              C:/android-ndk-r8/toolchains/arm-linux-androideabi-4.4.3/prebuilt/windows/bin/../lib/gcc/arm-linux-androideabi/4.4.3\libgcc.a(bpabi.o) (__divdi3)
C:/android-ndk-r8/toolchains/arm-linux-androideabi-4.4.3/prebuilt/windows/bin/../lib/gcc/arm-linux-androideabi/4.4.3\libgcc.a(_udivdi3.o)
                              C:/android-ndk-r8/toolchains/arm-linux-androideabi-4.4.3/prebuilt/windows/bin/../lib/gcc/arm-linux-androideabi/4.4.3\libgcc.a(bpabi.o) (__udivdi3)
C:/android-ndk-r8/toolchains/arm-linux-androideabi-4.4.3/prebuilt/windows/bin/../lib/gcc/arm-linux-androideabi/4.4.3\libgcc.a(_udivsi3.o)
                              C:/android-ndk-r8/toolchains/arm-linux-androideabi-4.4.3/prebuilt/windows/bin/../lib/gcc/arm-linux-androideabi/4.4.3\libgcc.a(_divdi3.o) (__aeabi_uidiv)
C:/android-ndk-r8/toolchains/arm-linux-androideabi-4.4.3/prebuilt/windows/bin/../lib/gcc/arm-linux-androideabi/4.4.3\libgcc.a(_dvmd_lnx.o)
                              C:/android-ndk-r8/toolchains/arm-linux-androideabi-4.4.3/prebuilt/windows/bin/../lib/gcc/arm-linux-androideabi/4.4.3\libgcc.a(_udivsi3.o) (__div0)

Discarded input sections

 _ZN7_JNIEnv9FindClassEPKc
                0x00000000        0x0 debug\CustomURLHandler_platform.os
 _ZN7_JNIEnv17ExceptionOccurredEv
                0x00000000        0x0 debug\CustomURLHandler_platform.os
 _ZN7_JNIEnv17ExceptionDescribeEv
                0x00000000        0x0 debug\CustomURLHandler_platform.os
 _ZN7_JNIEnv14ExceptionClearEv
                0x00000000        0x0 debug\CustomURLHandler_platform.os
 _ZN7_JNIEnv12NewGlobalRefEP8_jobject
                0x00000000        0x0 debug\CustomURLHandler_platform.os
 _ZN7_JNIEnv15DeleteGlobalRefEP8_jobject
                0x00000000        0x0 debug\CustomURLHandler_platform.os
 _ZN7_JNIEnv14DeleteLocalRefEP8_jobject
                0x00000000        0x0 debug\CustomURLHandler_platform.os
 _ZN7_JNIEnv9NewObjectEP7_jclassP10_jmethodIDz
                0x00000000        0x0 debug\CustomURLHandler_platform.os
 _ZN7_JNIEnv11GetMethodIDEP7_jclassPKcS3_
                0x00000000        0x0 debug\CustomURLHandler_platform.os
 _ZN7_JNIEnv16CallObjectMethodEP8_jobjectP10_jmethodIDz
                0x00000000        0x0 debug\CustomURLHandler_platform.os
 _ZN7_JNIEnv14CallVoidMethodEP8_jobjectP10_jmethodIDz
                0x00000000        0x0 debug\CustomURLHandler_platform.os
 _ZN7_JNIEnv17GetStringUTFCharsEP8_jstringPh
                0x00000000        0x0 debug\CustomURLHandler_platform.os
 _ZN7_JNIEnv21ReleaseStringUTFCharsEP8_jstringPKc
                0x00000000        0x0 debug\CustomURLHandler_platform.os
 _ZN7_JavaVM6GetEnvEPPvi
                0x00000000        0x0 debug\CustomURLHandler_platform.os
 _ZN10JavaStringC1EP8_jstring
                0x00000000        0x0 debug\CustomURLHandler_platform.os
 _ZN10JavaStringD1Ev
                0x00000000        0x0 debug\CustomURLHandler_platform.os
 _ZN10JavaStringcvP8_jstringEv
                0x00000000        0x0 debug\CustomURLHandler_platform.os
 .text          0x00000000        0x0 debug\CustomURLHandler_platform.os
 .note.GNU-stack
                0x00000000        0x0 debug\CustomURLHandler_platform.os
 .text          0x00000000        0x0 debug\CustomURLHandler.os
 .data          0x00000000        0x0 debug\CustomURLHandler.os
 .bss           0x00000000        0x0 debug\CustomURLHandler.os
 .note.GNU-stack
                0x00000000        0x0 debug\CustomURLHandler.os
 .text          0x00000000        0x0 debug\CustomURLHandler_register.os
 .data          0x00000000        0x0 debug\CustomURLHandler_register.os
 .bss           0x00000000        0x0 debug\CustomURLHandler_register.os
 .note.GNU-stack
                0x00000000        0x0 debug\CustomURLHandler_register.os
 .text          0x00000000        0x0 C:\marmalade\6.0\s3e\edk\lib\android\libedk.a(IwDebug.o)
 .data          0x00000000        0x0 C:\marmalade\6.0\s3e\edk\lib\android\libedk.a(IwDebug.o)
 .text.IwAssertRegisterTextCallback
                0x00000000        0x0 C:\marmalade\6.0\s3e\edk\lib\android\libedk.a(IwDebug.o)
 .ARM.extab.text.IwAssertRegisterTextCallback
                0x00000000        0x0 C:\marmalade\6.0\s3e\edk\lib\android\libedk.a(IwDebug.o)
 .ARM.exidx.text.IwAssertRegisterTextCallback
                0x00000000        0x0 C:\marmalade\6.0\s3e\edk\lib\android\libedk.a(IwDebug.o)
 .text.IwAssertRegisterCallback
                0x00000000        0x0 C:\marmalade\6.0\s3e\edk\lib\android\libedk.a(IwDebug.o)
 .ARM.extab.text.IwAssertRegisterCallback
                0x00000000        0x0 C:\marmalade\6.0\s3e\edk\lib\android\libedk.a(IwDebug.o)
 .ARM.exidx.text.IwAssertRegisterCallback
                0x00000000        0x0 C:\marmalade\6.0\s3e\edk\lib\android\libedk.a(IwDebug.o)
 .ARM.extab.text.IwDebugTraceSetTraceChannel
                0x00000000        0x0 C:\marmalade\6.0\s3e\edk\lib\android\libedk.a(IwDebug.o)
 .text.IwDebugErrorRegisterCallback
                0x00000000        0x0 C:\marmalade\6.0\s3e\edk\lib\android\libedk.a(IwDebug.o)
 .ARM.extab.text.IwDebugErrorRegisterCallback
                0x00000000        0x0 C:\marmalade\6.0\s3e\edk\lib\android\libedk.a(IwDebug.o)
 .ARM.exidx.text.IwDebugErrorRegisterCallback
                0x00000000        0x0 C:\marmalade\6.0\s3e\edk\lib\android\libedk.a(IwDebug.o)
 .text.IwDebugAssertSetUID
                0x00000000        0x0 C:\marmalade\6.0\s3e\edk\lib\android\libedk.a(IwDebug.o)
 .ARM.extab.text.IwDebugAssertSetUID
                0x00000000        0x0 C:\marmalade\6.0\s3e\edk\lib\android\libedk.a(IwDebug.o)
 .ARM.exidx.text.IwDebugAssertSetUID
                0x00000000        0x0 C:\marmalade\6.0\s3e\edk\lib\android\libedk.a(IwDebug.o)
 .ARM.extab.text._GLOBAL__I_g_DebugGlobals
                0x00000000        0x0 C:\marmalade\6.0\s3e\edk\lib\android\libedk.a(IwDebug.o)
 .text.IwDebugClearConfigCache
                0x00000000        0x0 C:\marmalade\6.0\s3e\edk\lib\android\libedk.a(IwDebug.o)
 .ARM.extab.text.IwDebugClearConfigCache
                0x00000000        0x0 C:\marmalade\6.0\s3e\edk\lib\android\libedk.a(IwDebug.o)
 .ARM.exidx.text.IwDebugClearConfigCache
                0x00000000        0x0 C:\marmalade\6.0\s3e\edk\lib\android\libedk.a(IwDebug.o)
 .text.IwDebugErrorShow
                0x00000000        0x0 C:\marmalade\6.0\s3e\edk\lib\android\libedk.a(IwDebug.o)
 .ARM.extab.text.IwDebugErrorShow
                0x00000000        0x0 C:\marmalade\6.0\s3e\edk\lib\android\libedk.a(IwDebug.o)
 .ARM.exidx.text.IwDebugErrorShow
                0x00000000        0x0 C:\marmalade\6.0\s3e\edk\lib\android\libedk.a(IwDebug.o)
 .ARM.extab.text.IwDebugTraceIsChannelOn
                0x00000000        0x0 C:\marmalade\6.0\s3e\edk\lib\android\libedk.a(IwDebug.o)
 .text.IwDebugAssertIsChannelOn
                0x00000000        0x0 C:\marmalade\6.0\s3e\edk\lib\android\libedk.a(IwDebug.o)
 .ARM.extab.text.IwDebugAssertIsChannelOn
                0x00000000        0x0 C:\marmalade\6.0\s3e\edk\lib\android\libedk.a(IwDebug.o)
 .ARM.exidx.text.IwDebugAssertIsChannelOn
                0x00000000        0x0 C:\marmalade\6.0\s3e\edk\lib\android\libedk.a(IwDebug.o)
 .text.IwDebugTraceDisable
                0x00000000        0x0 C:\marmalade\6.0\s3e\edk\lib\android\libedk.a(IwDebug.o)
 .ARM.extab.text.IwDebugTraceDisable
                0x00000000        0x0 C:\marmalade\6.0\s3e\edk\lib\android\libedk.a(IwDebug.o)
 .ARM.exidx.text.IwDebugTraceDisable
                0x00000000        0x0 C:\marmalade\6.0\s3e\edk\lib\android\libedk.a(IwDebug.o)
 .text.IwDebugAssertSetMessage
                0x00000000        0x0 C:\marmalade\6.0\s3e\edk\lib\android\libedk.a(IwDebug.o)
 .ARM.extab.text.IwDebugAssertSetMessage
                0x00000000        0x0 C:\marmalade\6.0\s3e\edk\lib\android\libedk.a(IwDebug.o)
 .ARM.exidx.text.IwDebugAssertSetMessage
                0x00000000        0x0 C:\marmalade\6.0\s3e\edk\lib\android\libedk.a(IwDebug.o)
 .text.IwDebugAssertSetSolution
                0x00000000        0x0 C:\marmalade\6.0\s3e\edk\lib\android\libedk.a(IwDebug.o)
 .ARM.extab.text.IwDebugAssertSetSolution
                0x00000000        0x0 C:\marmalade\6.0\s3e\edk\lib\android\libedk.a(IwDebug.o)
 .ARM.exidx.text.IwDebugAssertSetSolution
                0x00000000        0x0 C:\marmalade\6.0\s3e\edk\lib\android\libedk.a(IwDebug.o)
 .text.IwDebugAssertShow
                0x00000000        0x0 C:\marmalade\6.0\s3e\edk\lib\android\libedk.a(IwDebug.o)
 .ARM.extab.text.IwDebugAssertShow
                0x00000000        0x0 C:\marmalade\6.0\s3e\edk\lib\android\libedk.a(IwDebug.o)
 .ARM.exidx.text.IwDebugAssertShow
                0x00000000        0x0 C:\marmalade\6.0\s3e\edk\lib\android\libedk.a(IwDebug.o)
 .text.IwDebugTraceChannelSwitch
                0x00000000        0x0 C:\marmalade\6.0\s3e\edk\lib\android\libedk.a(IwDebug.o)
 .ARM.extab.text.IwDebugTraceChannelSwitch
                0x00000000        0x0 C:\marmalade\6.0\s3e\edk\lib\android\libedk.a(IwDebug.o)
 .ARM.exidx.text.IwDebugTraceChannelSwitch
                0x00000000        0x0 C:\marmalade\6.0\s3e\edk\lib\android\libedk.a(IwDebug.o)
 .note.GNU-stack
                0x00000000        0x0 C:\marmalade\6.0\s3e\edk\lib\android\libedk.a(IwDebug.o)
 .text          0x00000000        0x0 C:\marmalade\6.0\s3e\edk\lib\android\libedk.a(edk_helpers.o)
 .data          0x00000000        0x0 C:\marmalade\6.0\s3e\edk\lib\android\libedk.a(edk_helpers.o)
 .bss           0x00000000        0x0 C:\marmalade\6.0\s3e\edk\lib\android\libedk.a(edk_helpers.o)
 .text.s3eEdkThreadRunOnOSAsync
                0x00000000        0x0 C:\marmalade\6.0\s3e\edk\lib\android\libedk.a(edk_helpers.o)
 .ARM.extab.text.s3eEdkThreadRunOnOSAsync
                0x00000000        0x0 C:\marmalade\6.0\s3e\edk\lib\android\libedk.a(edk_helpers.o)
 .ARM.exidx.text.s3eEdkThreadRunOnOSAsync
                0x00000000        0x0 C:\marmalade\6.0\s3e\edk\lib\android\libedk.a(edk_helpers.o)
 .text.s3eEdkErrorSetString
                0x00000000        0x0 C:\marmalade\6.0\s3e\edk\lib\android\libedk.a(edk_helpers.o)
 .ARM.extab.text.s3eEdkErrorSetString
                0x00000000        0x0 C:\marmalade\6.0\s3e\edk\lib\android\libedk.a(edk_helpers.o)
 .ARM.exidx.text.s3eEdkErrorSetString
                0x00000000        0x0 C:\marmalade\6.0\s3e\edk\lib\android\libedk.a(edk_helpers.o)
 .note.GNU-stack
                0x00000000        0x0 C:\marmalade\6.0\s3e\edk\lib\android\libedk.a(edk_helpers.o)
 .data          0x00000000        0x0 C:/android-ndk-r8/toolchains/arm-linux-androideabi-4.4.3/prebuilt/windows/bin/../lib/gcc/arm-linux-androideabi/4.4.3\libgcc.a(_aeabi_ldivmod.o)
 .bss           0x00000000        0x0 C:/android-ndk-r8/toolchains/arm-linux-androideabi-4.4.3/prebuilt/windows/bin/../lib/gcc/arm-linux-androideabi/4.4.3\libgcc.a(_aeabi_ldivmod.o)
 .note.GNU-stack
                0x00000000        0x0 C:/android-ndk-r8/toolchains/arm-linux-androideabi-4.4.3/prebuilt/windows/bin/../lib/gcc/arm-linux-androideabi/4.4.3\libgcc.a(_aeabi_ldivmod.o)
 .data          0x00000000        0x0 C:/android-ndk-r8/toolchains/arm-linux-androideabi-4.4.3/prebuilt/windows/bin/../lib/gcc/arm-linux-androideabi/4.4.3\libgcc.a(bpabi.o)
 .bss           0x00000000        0x0 C:/android-ndk-r8/toolchains/arm-linux-androideabi-4.4.3/prebuilt/windows/bin/../lib/gcc/arm-linux-androideabi/4.4.3\libgcc.a(bpabi.o)
 .ARM.extab     0x00000000        0x0 C:/android-ndk-r8/toolchains/arm-linux-androideabi-4.4.3/prebuilt/windows/bin/../lib/gcc/arm-linux-androideabi/4.4.3\libgcc.a(bpabi.o)
 .note.GNU-stack
                0x00000000        0x0 C:/android-ndk-r8/toolchains/arm-linux-androideabi-4.4.3/prebuilt/windows/bin/../lib/gcc/arm-linux-androideabi/4.4.3\libgcc.a(bpabi.o)
 .data          0x00000000        0x0 C:/android-ndk-r8/toolchains/arm-linux-androideabi-4.4.3/prebuilt/windows/bin/../lib/gcc/arm-linux-androideabi/4.4.3\libgcc.a(unwind-arm.o)
 .bss           0x00000000        0x0 C:/android-ndk-r8/toolchains/arm-linux-androideabi-4.4.3/prebuilt/windows/bin/../lib/gcc/arm-linux-androideabi/4.4.3\libgcc.a(unwind-arm.o)
 .note.GNU-stack
                0x00000000        0x0 C:/android-ndk-r8/toolchains/arm-linux-androideabi-4.4.3/prebuilt/windows/bin/../lib/gcc/arm-linux-androideabi/4.4.3\libgcc.a(unwind-arm.o)
 .data          0x00000000        0x0 C:/android-ndk-r8/toolchains/arm-linux-androideabi-4.4.3/prebuilt/windows/bin/../lib/gcc/arm-linux-androideabi/4.4.3\libgcc.a(libunwind.o)
 .bss           0x00000000        0x0 C:/android-ndk-r8/toolchains/arm-linux-androideabi-4.4.3/prebuilt/windows/bin/../lib/gcc/arm-linux-androideabi/4.4.3\libgcc.a(libunwind.o)
 .note.GNU-stack
                0x00000000        0x0 C:/android-ndk-r8/toolchains/arm-linux-androideabi-4.4.3/prebuilt/windows/bin/../lib/gcc/arm-linux-androideabi/4.4.3\libgcc.a(libunwind.o)
 .data          0x00000000        0x0 C:/android-ndk-r8/toolchains/arm-linux-androideabi-4.4.3/prebuilt/windows/bin/../lib/gcc/arm-linux-androideabi/4.4.3\libgcc.a(pr-support.o)
 .bss           0x00000000        0x0 C:/android-ndk-r8/toolchains/arm-linux-androideabi-4.4.3/prebuilt/windows/bin/../lib/gcc/arm-linux-androideabi/4.4.3\libgcc.a(pr-support.o)
 .ARM.extab     0x00000000        0x0 C:/android-ndk-r8/toolchains/arm-linux-androideabi-4.4.3/prebuilt/windows/bin/../lib/gcc/arm-linux-androideabi/4.4.3\libgcc.a(pr-support.o)
 .note.GNU-stack
                0x00000000        0x0 C:/android-ndk-r8/toolchains/arm-linux-androideabi-4.4.3/prebuilt/windows/bin/../lib/gcc/arm-linux-androideabi/4.4.3\libgcc.a(pr-support.o)
 .data          0x00000000        0x0 C:/android-ndk-r8/toolchains/arm-linux-androideabi-4.4.3/prebuilt/windows/bin/../lib/gcc/arm-linux-androideabi/4.4.3\libgcc.a(_divdi3.o)
 .bss           0x00000000        0x0 C:/android-ndk-r8/toolchains/arm-linux-androideabi-4.4.3/prebuilt/windows/bin/../lib/gcc/arm-linux-androideabi/4.4.3\libgcc.a(_divdi3.o)
 .ARM.extab     0x00000000        0x0 C:/android-ndk-r8/toolchains/arm-linux-androideabi-4.4.3/prebuilt/windows/bin/../lib/gcc/arm-linux-androideabi/4.4.3\libgcc.a(_divdi3.o)
 .note.GNU-stack
                0x00000000        0x0 C:/android-ndk-r8/toolchains/arm-linux-androideabi-4.4.3/prebuilt/windows/bin/../lib/gcc/arm-linux-androideabi/4.4.3\libgcc.a(_divdi3.o)
 .data          0x00000000        0x0 C:/android-ndk-r8/toolchains/arm-linux-androideabi-4.4.3/prebuilt/windows/bin/../lib/gcc/arm-linux-androideabi/4.4.3\libgcc.a(_udivdi3.o)
 .bss           0x00000000        0x0 C:/android-ndk-r8/toolchains/arm-linux-androideabi-4.4.3/prebuilt/windows/bin/../lib/gcc/arm-linux-androideabi/4.4.3\libgcc.a(_udivdi3.o)
 .ARM.extab     0x00000000        0x0 C:/android-ndk-r8/toolchains/arm-linux-androideabi-4.4.3/prebuilt/windows/bin/../lib/gcc/arm-linux-androideabi/4.4.3\libgcc.a(_udivdi3.o)
 .note.GNU-stack
                0x00000000        0x0 C:/android-ndk-r8/toolchains/arm-linux-androideabi-4.4.3/prebuilt/windows/bin/../lib/gcc/arm-linux-androideabi/4.4.3\libgcc.a(_udivdi3.o)
 .data          0x00000000        0x0 C:/android-ndk-r8/toolchains/arm-linux-androideabi-4.4.3/prebuilt/windows/bin/../lib/gcc/arm-linux-androideabi/4.4.3\libgcc.a(_udivsi3.o)
 .bss           0x00000000        0x0 C:/android-ndk-r8/toolchains/arm-linux-androideabi-4.4.3/prebuilt/windows/bin/../lib/gcc/arm-linux-androideabi/4.4.3\libgcc.a(_udivsi3.o)
 .note.GNU-stack
                0x00000000        0x0 C:/android-ndk-r8/toolchains/arm-linux-androideabi-4.4.3/prebuilt/windows/bin/../lib/gcc/arm-linux-androideabi/4.4.3\libgcc.a(_udivsi3.o)
 .data          0x00000000        0x0 C:/android-ndk-r8/toolchains/arm-linux-androideabi-4.4.3/prebuilt/windows/bin/../lib/gcc/arm-linux-androideabi/4.4.3\libgcc.a(_dvmd_lnx.o)
 .bss           0x00000000        0x0 C:/android-ndk-r8/toolchains/arm-linux-androideabi-4.4.3/prebuilt/windows/bin/../lib/gcc/arm-linux-androideabi/4.4.3\libgcc.a(_dvmd_lnx.o)
 .note.GNU-stack
                0x00000000        0x0 C:/android-ndk-r8/toolchains/arm-linux-androideabi-4.4.3/prebuilt/windows/bin/../lib/gcc/arm-linux-androideabi/4.4.3\libgcc.a(_dvmd_lnx.o)

Memory Configuration

Name             Origin             Length             Attributes
*default*        0x00000000         0xffffffff

Linker script and memory map

LOAD debug\CustomURLHandler_platform.os
LOAD debug\CustomURLHandler.os
LOAD debug\CustomURLHandler_register.os
LOAD C:\marmalade\6.0\s3e\edk\lib\android\libedk.a
LOAD C:\marmalade\6.0\s3e\edk\lib\android/libplaceholderplaceholderplaceholderplaceholderplaceholder.so
LOAD C:\android-ndk-r8\platforms\android-9\arch-arm\usr\lib/libc.so
LOAD C:\android-ndk-r8\platforms\android-9\arch-arm\usr\lib/libm.so
LOAD C:\android-ndk-r8\platforms\android-9\arch-arm\usr\lib/liblog.so
LOAD C:\android-ndk-r8\platforms\android-9\arch-arm\usr\lib/libstdc++.so
LOAD C:/android-ndk-r8/toolchains/arm-linux-androideabi-4.4.3/prebuilt/windows/bin/../lib/gcc/arm-linux-androideabi/4.4.3\libgcc.a
                0x000000d4                . = (0x0 + SIZEOF_HEADERS)

.note.gnu.build-id
 *(.note.gnu.build-id)

.hash           0x000000d4      0x290
 *(.hash)
 .hash          0x000000d4      0x290 debug\CustomURLHandler_platform.os

.gnu.hash
 *(.gnu.hash)

.dynsym         0x00000364      0x5f0
 *(.dynsym)
 .dynsym        0x00000364      0x5f0 debug\CustomURLHandler_platform.os

.dynstr         0x00000954      0x614
 *(.dynstr)
 .dynstr        0x00000954      0x614 debug\CustomURLHandler_platform.os

.gnu.version    0x00000f68        0x0
 *(.gnu.version)
 .gnu.version   0x00000000        0x0 debug\CustomURLHandler_platform.os

.gnu.version_d  0x00000f68        0x0
 *(.gnu.version_d)
 .gnu.version_d
                0x00000000        0x0 debug\CustomURLHandler_platform.os

.gnu.version_r  0x00000f68        0x0
 *(.gnu.version_r)
 .gnu.version_r
                0x00000000        0x0 debug\CustomURLHandler_platform.os

.rel.dyn        0x00000f68       0xa8
 *(.rel.init)
 *(.rel.text .rel.text.* .rel.gnu.linkonce.t.*)
 .rel.text.IwAssertRegisterTextCallback
                0x00000000        0x0 debug\CustomURLHandler_platform.os
 .rel.text.IwAssertRegisterCallback
                0x00000000        0x0 debug\CustomURLHandler_platform.os
 .rel.text.IwDebugTraceSetTraceChannel
                0x00000f68        0x8 debug\CustomURLHandler_platform.os
 .rel.text.IwDebugErrorRegisterCallback
                0x00000000        0x0 debug\CustomURLHandler_platform.os
 .rel.text.IwDebugAssertSetUID
                0x00000000        0x0 debug\CustomURLHandler_platform.os
 .rel.text._GLOBAL__I_g_DebugGlobals
                0x00000f70        0x8 debug\CustomURLHandler_platform.os
 .rel.text.IwDebugClearConfigCache
                0x00000000        0x0 debug\CustomURLHandler_platform.os
 .rel.text.IwDebugErrorShow
                0x00000000        0x0 debug\CustomURLHandler_platform.os
 .rel.text.IwDebugTraceLineVPrintf
                0x00000f78       0x20 debug\CustomURLHandler_platform.os
 .rel.text.IwDebugTraceIsChannelOn
                0x00000f98       0x18 debug\CustomURLHandler_platform.os
 .rel.text.IwDebugAssertIsChannelOn
                0x00000000        0x0 debug\CustomURLHandler_platform.os
 .rel.text.IwDebugAssertSetMessage
                0x00000000        0x0 debug\CustomURLHandler_platform.os
 .rel.text.IwDebugAssertSetSolution
                0x00000000        0x0 debug\CustomURLHandler_platform.os
 .rel.text.IwDebugAssertShow
                0x00000000        0x0 debug\CustomURLHandler_platform.os
 .rel.text.IwDebugTraceChannelSwitch
                0x00000000        0x0 debug\CustomURLHandler_platform.os
 *(.rel.fini)
 *(.rel.rodata .rel.rodata.* .rel.gnu.linkonce.r.*)
 *(.rel.data.rel.ro* .rel.gnu.linkonce.d.rel.ro.*)
 *(.rel.data .rel.data.* .rel.gnu.linkonce.d.*)
 *(.rel.tdata .rel.tdata.* .rel.gnu.linkonce.td.*)
 *(.rel.tbss .rel.tbss.* .rel.gnu.linkonce.tb.*)
 *(.rel.ctors)
 *(.rel.dtors)
 *(.rel.got)
 .rel.got       0x00000fb0       0x58 debug\CustomURLHandler_platform.os
 *(.rel.bss .rel.bss.* .rel.gnu.linkonce.b.*)
 .rel.init_array
                0x00001008        0x8 debug\CustomURLHandler_platform.os

.rela.dyn
 *(.rela.init)
 *(.rela.text .rela.text.* .rela.gnu.linkonce.t.*)
 *(.rela.fini)
 *(.rela.rodata .rela.rodata.* .rela.gnu.linkonce.r.*)
 *(.rela.data .rela.data.* .rela.gnu.linkonce.d.*)
 *(.rela.tdata .rela.tdata.* .rela.gnu.linkonce.td.*)
 *(.rela.tbss .rela.tbss.* .rela.gnu.linkonce.tb.*)
 *(.rela.ctors)
 *(.rela.dtors)
 *(.rela.got)
 *(.rela.bss .rela.bss.* .rela.gnu.linkonce.b.*)

.rel.plt        0x00001010       0xb0
 *(.rel.plt)
 .rel.plt       0x00001010       0xb0 debug\CustomURLHandler_platform.os

.rela.plt
 *(.rela.plt)

.init
 *(.init)

.plt            0x000010c0      0x11c
 *(.plt)
 .plt           0x000010c0      0x11c debug\CustomURLHandler_platform.os

.text           0x000011dc     0x2e34
 *(.text .stub .text.* .gnu.linkonce.t.*)
 .text._ZN7_JNIEnv9FindClassEPKc
                0x000011dc       0x40 debug\CustomURLHandler_platform.os
                0x000011dc                _JNIEnv::FindClass(char const*)
 .text._ZN7_JNIEnv17ExceptionOccurredEv
                0x0000121c       0x38 debug\CustomURLHandler_platform.os
                0x0000121c                _JNIEnv::ExceptionOccurred()
 .text._ZN7_JNIEnv17ExceptionDescribeEv
                0x00001254       0x30 debug\CustomURLHandler_platform.os
                0x00001254                _JNIEnv::ExceptionDescribe()
 .text._ZN7_JNIEnv14ExceptionClearEv
                0x00001284       0x30 debug\CustomURLHandler_platform.os
                0x00001284                _JNIEnv::ExceptionClear()
 .text._ZN7_JNIEnv12NewGlobalRefEP8_jobject
                0x000012b4       0x40 debug\CustomURLHandler_platform.os
                0x000012b4                _JNIEnv::NewGlobalRef(_jobject*)
 .text._ZN7_JNIEnv15DeleteGlobalRefEP8_jobject
                0x000012f4       0x38 debug\CustomURLHandler_platform.os
                0x000012f4                _JNIEnv::DeleteGlobalRef(_jobject*)
 .text._ZN7_JNIEnv14DeleteLocalRefEP8_jobject
                0x0000132c       0x38 debug\CustomURLHandler_platform.os
                0x0000132c                _JNIEnv::DeleteLocalRef(_jobject*)
 .text._ZN7_JNIEnv9NewObjectEP7_jclassP10_jmethodIDz
                0x00001364       0x60 debug\CustomURLHandler_platform.os
                0x00001364                _JNIEnv::NewObject(_jclass*, _jmethodID*, ...)
 .text._ZN7_JNIEnv11GetMethodIDEP7_jclassPKcS3_
                0x000013c4       0x50 debug\CustomURLHandler_platform.os
                0x000013c4                _JNIEnv::GetMethodID(_jclass*, char const*, char const*)
 .text._ZN7_JNIEnv16CallObjectMethodEP8_jobjectP10_jmethodIDz
                0x00001414       0x60 debug\CustomURLHandler_platform.os
                0x00001414                _JNIEnv::CallObjectMethod(_jobject*, _jmethodID*, ...)
 .text._ZN7_JNIEnv14CallVoidMethodEP8_jobjectP10_jmethodIDz
                0x00001474       0x50 debug\CustomURLHandler_platform.os
                0x00001474                _JNIEnv::CallVoidMethod(_jobject*, _jmethodID*, ...)
 .text._ZN7_JNIEnv17GetStringUTFCharsEP8_jstringPh
                0x000014c4       0x48 debug\CustomURLHandler_platform.os
                0x000014c4                _JNIEnv::GetStringUTFChars(_jstring*, unsigned char*)
 .text._ZN7_JNIEnv21ReleaseStringUTFCharsEP8_jstringPKc
                0x0000150c       0x40 debug\CustomURLHandler_platform.os
                0x0000150c                _JNIEnv::ReleaseStringUTFChars(_jstring*, char const*)
 .text._ZN7_JavaVM6GetEnvEPPvi
                0x0000154c       0x48 debug\CustomURLHandler_platform.os
                0x0000154c                _JavaVM::GetEnv(void**, int)
 .text._ZL15s3eEdkJNIGetEnvv
                0x00001594       0x48 debug\CustomURLHandler_platform.os
 .text._ZL27s3eEdkAndroidFindClass_realPKc
                0x000015dc       0x7c debug\CustomURLHandler_platform.os
 .text._ZL22s3eEdkAndroidFindClassPKc
                0x00001658       0x3c debug\CustomURLHandler_platform.os
 .text._ZN10JavaStringC1EP8_jstring
                0x00001694       0x28 debug\CustomURLHandler_platform.os
                0x00001694                JavaString::JavaString(_jstring*)
 .text._ZN10JavaStringD1Ev
                0x000016bc       0x40 debug\CustomURLHandler_platform.os
                0x000016bc                JavaString::~JavaString()
 .text._ZN10JavaStringcvP8_jstringEv
                0x000016fc       0x1c debug\CustomURLHandler_platform.os
                0x000016fc                JavaString::operator _jstring*()
 .text._Z10getCStringP8_jstring
                0x00001718       0xf8 debug\CustomURLHandler_platform.os
                0x00001718                getCString(_jstring*)
 .text._Z29CustomURLHandlerInit_platformv
                0x00001810      0x2b4 debug\CustomURLHandler_platform.os
                0x00001810                CustomURLHandlerInit_platform()
 .text._Z34CustomURLHandlerTerminate_platformv
                0x00001ac4        0x4 debug\CustomURLHandler_platform.os
                0x00001ac4                CustomURLHandlerTerminate_platform()
 .text._Z33CustomURLHandlerRegister_platformPFiPKcE
                0x00001ac8       0x54 debug\CustomURLHandler_platform.os
                0x00001ac8                CustomURLHandlerRegister_platform(int (*)(char const*))
 .text._Z31CustomURLHandlerGetURL_platformv
                0x00001b1c       0x98 debug\CustomURLHandler_platform.os
                0x00001b1c                CustomURLHandlerGetURL_platform()
 .text._Z20CustomURLHandlerInitv
                0x00001bb4       0x18 debug\CustomURLHandler.os
                0x00001bb4                CustomURLHandlerInit()
 .text._Z25CustomURLHandlerTerminatev
                0x00001bcc       0x10 debug\CustomURLHandler.os
                0x00001bcc                CustomURLHandlerTerminate()
 .text.CustomURLHandlerRegister
                0x00001bdc       0x20 debug\CustomURLHandler.os
                0x00001bdc                CustomURLHandlerRegister
 .text.CustomURLHandlerGetURL
                0x00001bfc       0x10 debug\CustomURLHandler.os
                0x00001bfc                CustomURLHandlerGetURL
 .text._Z27CustomURLHandlerRegisterExtv
                0x00001c0c       0xa0 debug\CustomURLHandler_register.os
                0x00001c0c                CustomURLHandlerRegisterExt()
 .text.RegisterExt
                0x00001cac       0x10 debug\CustomURLHandler_register.os
                0x00001cac                RegisterExt
 .text.IwDebugTraceSetTraceChannel
                0x00001cbc       0x18 C:\marmalade\6.0\s3e\edk\lib\android\libedk.a(IwDebug.o)
                0x00001cbc                IwDebugTraceSetTraceChannel
 .text._GLOBAL__I_g_DebugGlobals
                0x00001cd4       0x8c C:\marmalade\6.0\s3e\edk\lib\android\libedk.a(IwDebug.o)
 .text.IwDebugTraceLineVPrintf
                0x00001d60       0xe8 C:\marmalade\6.0\s3e\edk\lib\android\libedk.a(IwDebug.o)
                0x00001d60                IwDebugTraceLineVPrintf
 .text.IwDebugTraceLinePrintf
                0x00001e48       0x30 C:\marmalade\6.0\s3e\edk\lib\android\libedk.a(IwDebug.o)
                0x00001e48                IwDebugTraceLinePrintf
 .text.IwDebugTraceIsChannelOn
                0x00001e78      0x278 C:\marmalade\6.0\s3e\edk\lib\android\libedk.a(IwDebug.o)
                0x00001e78                IwDebugTraceIsChannelOn
 .text.s3eEdkThreadRunOnOS
                0x000020f0       0x30 C:\marmalade\6.0\s3e\edk\lib\android\libedk.a(edk_helpers.o)
                0x000020f0                s3eEdkThreadRunOnOS
 .text          0x00002120       0x1c C:/android-ndk-r8/toolchains/arm-linux-androideabi-4.4.3/prebuilt/windows/bin/../lib/gcc/arm-linux-androideabi/4.4.3\libgcc.a(_aeabi_ldivmod.o)
                0x00002120                __aeabi_ldivmod
 .text          0x0000213c       0x88 C:/android-ndk-r8/toolchains/arm-linux-androideabi-4.4.3/prebuilt/windows/bin/../lib/gcc/arm-linux-androideabi/4.4.3\libgcc.a(bpabi.o)
                0x0000213c                __gnu_uldivmod_helper
                0x00002180                __gnu_ldivmod_helper
 .text          0x000021c4      0xec4 C:/android-ndk-r8/toolchains/arm-linux-androideabi-4.4.3/prebuilt/windows/bin/../lib/gcc/arm-linux-androideabi/4.4.3\libgcc.a(unwind-arm.o)
                0x00002bec                __gnu_Unwind_RaiseException
                0x00002744                __aeabi_unwind_cpp_pr0
                0x00002274                _Unwind_GetCFA
                0x00002210                _Unwind_VRS_Set
                0x00002988                __gnu_Unwind_Backtrace
                0x00002d1c                _Unwind_VRS_Pop
                0x00002734                __aeabi_unwind_cpp_pr2
                0x00002280                _Unwind_DeleteException
                0x0000227c                _Unwind_Complete
                0x00002cb0                __gnu_Unwind_Resume
                0x00002b78                __gnu_Unwind_ForcedUnwind
                0x00002c90                __gnu_Unwind_Resume_or_Rethrow
                0x000021c4                _Unwind_VRS_Get
                0x0000273c                __aeabi_unwind_cpp_pr1
 .text          0x00003088      0x1a8 C:/android-ndk-r8/toolchains/arm-linux-androideabi-4.4.3/prebuilt/windows/bin/../lib/gcc/arm-linux-androideabi/4.4.3\libgcc.a(libunwind.o)
                0x000031e8                ___Unwind_ForcedUnwind
                0x000030a4                __gnu_Unwind_Save_VFP
                0x000031c4                _Unwind_Resume_or_Rethrow
                0x000031c4                ___Unwind_Resume_or_Rethrow
                0x0000320c                _Unwind_Backtrace
                0x00003088                __restore_core_regs
                0x000030c4                __gnu_Unwind_Save_VFP_D_16_to_31
                0x000030b4                __gnu_Unwind_Save_VFP_D
                0x0000320c                ___Unwind_Backtrace
                0x0000317c                ___Unwind_RaiseException
                0x000031a0                ___Unwind_Resume
                0x000030cc                __gnu_Unwind_Restore_WMMXD
                0x0000309c                __gnu_Unwind_Restore_VFP
                0x000031a0                _Unwind_Resume
                0x000030ac                __gnu_Unwind_Restore_VFP_D
                0x000030bc                __gnu_Unwind_Restore_VFP_D_16_to_31
                0x0000317c                _Unwind_RaiseException
                0x00003088                restore_core_regs
                0x00003168                __gnu_Unwind_Save_WMMXC
                0x00003154                __gnu_Unwind_Restore_WMMXC
                0x000031e8                _Unwind_ForcedUnwind
                0x00003110                __gnu_Unwind_Save_WMMXD
 .text          0x00003230      0x484 C:/android-ndk-r8/toolchains/arm-linux-androideabi-4.4.3/prebuilt/windows/bin/../lib/gcc/arm-linux-androideabi/4.4.3\libgcc.a(pr-support.o)
                0x000032d0                _Unwind_GetRegionStart
                0x000032fc                __gnu_unwind_execute
                0x00003288                _Unwind_GetTextRelBase
                0x00003298                _Unwind_GetLanguageSpecificData
                0x00003674                __gnu_unwind_frame
                0x00003290                _Unwind_GetDataRelBase
 .text          0x000036b4      0x47c C:/android-ndk-r8/toolchains/arm-linux-androideabi-4.4.3/prebuilt/windows/bin/../lib/gcc/arm-linux-androideabi/4.4.3\libgcc.a(_divdi3.o)
                0x000036b4                __divdi3
 .text          0x00003b30      0x40c C:/android-ndk-r8/toolchains/arm-linux-androideabi-4.4.3/prebuilt/windows/bin/../lib/gcc/arm-linux-androideabi/4.4.3\libgcc.a(_udivdi3.o)
                0x00003b30                __udivdi3
 .text          0x00003f3c       0xc4 C:/android-ndk-r8/toolchains/arm-linux-androideabi-4.4.3/prebuilt/windows/bin/../lib/gcc/arm-linux-androideabi/4.4.3\libgcc.a(_udivsi3.o)
                0x00003f3c                __udivsi3
                0x00003f3c                __aeabi_uidiv
                0x00003fe8                __aeabi_uidivmod
 .text          0x00004000       0x10 C:/android-ndk-r8/toolchains/arm-linux-androideabi-4.4.3/prebuilt/windows/bin/../lib/gcc/arm-linux-androideabi/4.4.3\libgcc.a(_dvmd_lnx.o)
                0x00004000                __div0
 *(.gnu.warning)
 *(.glue_7t)
 .glue_7t       0x00000000        0x0 linker stubs
 *(.glue_7)
 .glue_7        0x00000000        0x0 linker stubs
 *(.vfp11_veneer)
 .vfp11_veneer  0x00000000        0x0 linker stubs
 *(.v4_bx)
 .v4_bx         0x00000000        0x0 linker stubs

.fini
 *(.fini)
                0x00004010                PROVIDE (__etext, .)
                0x00004010                PROVIDE (_etext, .)
                0x00004010                PROVIDE (etext, .)

.rodata         0x00004010      0x1e4
 *(.rodata .rodata.* .gnu.linkonce.r.*)
 .rodata        0x00004010       0xb4 debug\CustomURLHandler_platform.os
 .rodata        0x000040c4       0x14 debug\CustomURLHandler_register.os
 .rodata.str1.4
                0x000040d8      0x11c C:\marmalade\6.0\s3e\edk\lib\android\libedk.a(IwDebug.o)
                                0x120 (size before relaxing)

.rodata1
 *(.rodata1)

.ARM.extab      0x000041f4       0x48
 *(.ARM.extab* .gnu.linkonce.armextab.*)
 .ARM.extab.text.IwDebugTraceLineVPrintf
                0x000041f4        0xc C:\marmalade\6.0\s3e\edk\lib\android\libedk.a(IwDebug.o)
 .ARM.extab.text.IwDebugTraceLinePrintf
                0x00004200        0xc C:\marmalade\6.0\s3e\edk\lib\android\libedk.a(IwDebug.o)
 .ARM.extab.text.s3eEdkThreadRunOnOS
                0x0000420c        0xc C:\marmalade\6.0\s3e\edk\lib\android\libedk.a(edk_helpers.o)
 .ARM.extab     0x00004218       0x24 C:/android-ndk-r8/toolchains/arm-linux-androideabi-4.4.3/prebuilt/windows/bin/../lib/gcc/arm-linux-androideabi/4.4.3\libgcc.a(unwind-arm.o)
                0x0000423c                __exidx_start = .

.ARM.exidx      0x0000423c      0x128
 *(.ARM.exidx* .gnu.linkonce.armexidx.*)
 .ARM.exidx.text.IwDebugTraceSetTraceChannel
                0x0000423c        0x8 C:\marmalade\6.0\s3e\edk\lib\android\libedk.a(IwDebug.o)
 .ARM.exidx.text._GLOBAL__I_g_DebugGlobals
                0x00004244        0x8 C:\marmalade\6.0\s3e\edk\lib\android\libedk.a(IwDebug.o)
 .ARM.exidx.text.IwDebugTraceLineVPrintf
                0x0000424c        0x8 C:\marmalade\6.0\s3e\edk\lib\android\libedk.a(IwDebug.o)
 .ARM.exidx.text.IwDebugTraceLinePrintf
                0x00004254        0x8 C:\marmalade\6.0\s3e\edk\lib\android\libedk.a(IwDebug.o)
 .ARM.exidx.text.IwDebugTraceIsChannelOn
                0x0000425c        0x8 C:\marmalade\6.0\s3e\edk\lib\android\libedk.a(IwDebug.o)
 .ARM.exidx.text.s3eEdkThreadRunOnOS
                0x00004264        0x8 C:\marmalade\6.0\s3e\edk\lib\android\libedk.a(edk_helpers.o)
 .ARM.exidx     0x0000426c       0x10 C:/android-ndk-r8/toolchains/arm-linux-androideabi-4.4.3/prebuilt/windows/bin/../lib/gcc/arm-linux-androideabi/4.4.3\libgcc.a(bpabi.o)
 .ARM.exidx     0x0000427c       0xa0 C:/android-ndk-r8/toolchains/arm-linux-androideabi-4.4.3/prebuilt/windows/bin/../lib/gcc/arm-linux-androideabi/4.4.3\libgcc.a(unwind-arm.o)
 .ARM.exidx     0x0000431c       0x38 C:/android-ndk-r8/toolchains/arm-linux-androideabi-4.4.3/prebuilt/windows/bin/../lib/gcc/arm-linux-androideabi/4.4.3\libgcc.a(pr-support.o)
 .ARM.exidx     0x00004354        0x8 C:/android-ndk-r8/toolchains/arm-linux-androideabi-4.4.3/prebuilt/windows/bin/../lib/gcc/arm-linux-androideabi/4.4.3\libgcc.a(_divdi3.o)
 .ARM.exidx     0x0000435c        0x8 C:/android-ndk-r8/toolchains/arm-linux-androideabi-4.4.3/prebuilt/windows/bin/../lib/gcc/arm-linux-androideabi/4.4.3\libgcc.a(_udivdi3.o)
                0x00004364                __exidx_end = .

.eh_frame_hdr
 *(.eh_frame_hdr)

.eh_frame
 *(.eh_frame)

.gcc_except_table
 *(.gcc_except_table .gcc_except_table.*)
                0x00004364                . = (ALIGN (0x1000) - ((0x1000 - .) & 0xfff))
                0x00005364                . = (0x1000 DATA_SEGMENT_ALIGN 0x1000)

.eh_frame
 *(.eh_frame)

.gcc_except_table
 *(.gcc_except_table .gcc_except_table.*)

.tdata
 *(.tdata .tdata.* .gnu.linkonce.td.*)

.tbss
 *(.tbss .tbss.* .gnu.linkonce.tb.*)
 *(.tcommon)

.preinit_array
 *(.preinit_array)

.init_array     0x00005364        0x4
 *(SORT(.init_array.*))
 *(.init_array)
 .init_array    0x00005364        0x4 C:\marmalade\6.0\s3e\edk\lib\android\libedk.a(IwDebug.o)

.fini_array
 *(.fini_array)
 *(SORT(.fini_array.*))

.ctors
 *crtbegin.o(.ctors)
 *crtbegin?.o(.ctors)
 *(EXCLUDE_FILE(*crtend?.o *crtend.o) .ctors)
 *(SORT(.ctors.*))
 *(.ctors)

.dtors
 *crtbegin.o(.dtors)
 *crtbegin?.o(.dtors)
 *(EXCLUDE_FILE(*crtend?.o *crtend.o) .dtors)
 *(SORT(.dtors.*))
 *(.dtors)

.jcr
 *(.jcr)

.data.rel.ro
 *(.data.rel.ro.local* .gnu.linkonce.d.rel.ro.local.*)
 *(.data.rel.ro* .gnu.linkonce.d.rel.ro.*)

.dynamic        0x00005368       0xc0
 *(.dynamic)
 .dynamic       0x00005368       0xc0 debug\CustomURLHandler_platform.os
                0x00005368                _DYNAMIC
                0x00005428                . = (. DATA_SEGMENT_RELRO_END 0x0)

.got            0x00005428       0x90
 *(.got.plt)
 .got.plt       0x00005428       0x64 debug\CustomURLHandler_platform.os
                0x00005428                _GLOBAL_OFFSET_TABLE_
 *(.got)
 .got           0x0000548c       0x2c debug\CustomURLHandler_platform.os

.data           0x000054b8        0x4
                0x000054b8                __data_start = .
 *(.data .data.* .gnu.linkonce.d.*)
 .data          0x000054b8        0x4 debug\CustomURLHandler_platform.os

.data1
 *(.data1)
                0x000054bc                _edata = .
                0x000054bc                PROVIDE (edata, .)
                0x000054bc                __bss_start = .
                0x000054bc                __bss_start__ = .

.bss            0x000054bc     0x1a38
 *(.dynbss)
 .dynbss        0x00000000        0x0 debug\CustomURLHandler_platform.os
 *(.bss .bss.* .gnu.linkonce.b.*)
 .bss           0x000054bc       0x10 debug\CustomURLHandler_platform.os
 .bss           0x000054cc     0x1a28 C:\marmalade\6.0\s3e\edk\lib\android\libedk.a(IwDebug.o)
                0x000054cc                g_DebugGlobals
 *(COMMON)
                0x00006ef4                . = ALIGN ((. != 0x0)?0x4:0x1)
                0x00006ef4                _bss_end__ = .
                0x00006ef4                __bss_end__ = .
                0x00006ef4                . = ALIGN (0x4)
                0x00006ef4                . = ALIGN (0x4)
                0x00006ef4                __end__ = .
                0x00006ef4                _end = .
                0x00006ef4                PROVIDE (end, .)
                0x00006ef4                . = DATA_SEGMENT_END (.)

.stab
 *(.stab)

.stabstr
 *(.stabstr)

.stab.excl
 *(.stab.excl)

.stab.exclstr
 *(.stab.exclstr)

.stab.index
 *(.stab.index)

.stab.indexstr
 *(.stab.indexstr)

.comment        0x00000000       0xe6
 *(.comment)
 .comment       0x00000000       0x12 debug\CustomURLHandler_platform.os
 .comment       0x00000012       0x12 debug\CustomURLHandler.os
 .comment       0x00000024       0x12 debug\CustomURLHandler_register.os
 .comment       0x00000036       0x2b C:\marmalade\6.0\s3e\edk\lib\android\libedk.a(IwDebug.o)
 .comment       0x00000061       0x2b C:\marmalade\6.0\s3e\edk\lib\android\libedk.a(edk_helpers.o)
 .comment       0x0000008c       0x12 C:/android-ndk-r8/toolchains/arm-linux-androideabi-4.4.3/prebuilt/windows/bin/../lib/gcc/arm-linux-androideabi/4.4.3\libgcc.a(bpabi.o)
 .comment       0x0000009e       0x12 C:/android-ndk-r8/toolchains/arm-linux-androideabi-4.4.3/prebuilt/windows/bin/../lib/gcc/arm-linux-androideabi/4.4.3\libgcc.a(unwind-arm.o)
 .comment       0x000000b0       0x12 C:/android-ndk-r8/toolchains/arm-linux-androideabi-4.4.3/prebuilt/windows/bin/../lib/gcc/arm-linux-androideabi/4.4.3\libgcc.a(pr-support.o)
 .comment       0x000000c2       0x12 C:/android-ndk-r8/toolchains/arm-linux-androideabi-4.4.3/prebuilt/windows/bin/../lib/gcc/arm-linux-androideabi/4.4.3\libgcc.a(_divdi3.o)
 .comment       0x000000d4       0x12 C:/android-ndk-r8/toolchains/arm-linux-androideabi-4.4.3/prebuilt/windows/bin/../lib/gcc/arm-linux-androideabi/4.4.3\libgcc.a(_udivdi3.o)

.debug
 *(.debug)

.line
 *(.line)

.debug_srcinfo
 *(.debug_srcinfo)

.debug_sfnames
 *(.debug_sfnames)

.debug_aranges  0x00000000      0x260
 *(.debug_aranges)
 .debug_aranges
                0x00000000       0xe0 debug\CustomURLHandler_platform.os
 .debug_aranges
                0x000000e0       0x38 debug\CustomURLHandler.os
 .debug_aranges
                0x00000118       0x28 debug\CustomURLHandler_register.os
 .debug_aranges
                0x00000140       0x20 C:/android-ndk-r8/toolchains/arm-linux-androideabi-4.4.3/prebuilt/windows/bin/../lib/gcc/arm-linux-androideabi/4.4.3\libgcc.a(_aeabi_ldivmod.o)
 .debug_aranges
                0x00000160       0x20 C:/android-ndk-r8/toolchains/arm-linux-androideabi-4.4.3/prebuilt/windows/bin/../lib/gcc/arm-linux-androideabi/4.4.3\libgcc.a(bpabi.o)
 .debug_aranges
                0x00000180       0x20 C:/android-ndk-r8/toolchains/arm-linux-androideabi-4.4.3/prebuilt/windows/bin/../lib/gcc/arm-linux-androideabi/4.4.3\libgcc.a(unwind-arm.o)
 .debug_aranges
                0x000001a0       0x20 C:/android-ndk-r8/toolchains/arm-linux-androideabi-4.4.3/prebuilt/windows/bin/../lib/gcc/arm-linux-androideabi/4.4.3\libgcc.a(libunwind.o)
 .debug_aranges
                0x000001c0       0x20 C:/android-ndk-r8/toolchains/arm-linux-androideabi-4.4.3/prebuilt/windows/bin/../lib/gcc/arm-linux-androideabi/4.4.3\libgcc.a(pr-support.o)
 .debug_aranges
                0x000001e0       0x20 C:/android-ndk-r8/toolchains/arm-linux-androideabi-4.4.3/prebuilt/windows/bin/../lib/gcc/arm-linux-androideabi/4.4.3\libgcc.a(_divdi3.o)
 .debug_aranges
                0x00000200       0x20 C:/android-ndk-r8/toolchains/arm-linux-androideabi-4.4.3/prebuilt/windows/bin/../lib/gcc/arm-linux-androideabi/4.4.3\libgcc.a(_udivdi3.o)
 .debug_aranges
                0x00000220       0x20 C:/android-ndk-r8/toolchains/arm-linux-androideabi-4.4.3/prebuilt/windows/bin/../lib/gcc/arm-linux-androideabi/4.4.3\libgcc.a(_udivsi3.o)
 .debug_aranges
                0x00000240       0x20 C:/android-ndk-r8/toolchains/arm-linux-androideabi-4.4.3/prebuilt/windows/bin/../lib/gcc/arm-linux-androideabi/4.4.3\libgcc.a(_dvmd_lnx.o)

.debug_pubnames
                0x00000000      0x607
 *(.debug_pubnames)
 .debug_pubnames
                0x00000000      0x292 debug\CustomURLHandler_platform.os
 .debug_pubnames
                0x00000292       0x81 debug\CustomURLHandler.os
 .debug_pubnames
                0x00000313       0x42 debug\CustomURLHandler_register.os
 .debug_pubnames
                0x00000355       0x45 C:/android-ndk-r8/toolchains/arm-linux-androideabi-4.4.3/prebuilt/windows/bin/../lib/gcc/arm-linux-androideabi/4.4.3\libgcc.a(bpabi.o)
 .debug_pubnames
                0x0000039a      0x177 C:/android-ndk-r8/toolchains/arm-linux-androideabi-4.4.3/prebuilt/windows/bin/../lib/gcc/arm-linux-androideabi/4.4.3\libgcc.a(unwind-arm.o)
 .debug_pubnames
                0x00000511       0xb7 C:/android-ndk-r8/toolchains/arm-linux-androideabi-4.4.3/prebuilt/windows/bin/../lib/gcc/arm-linux-androideabi/4.4.3\libgcc.a(pr-support.o)
 .debug_pubnames
                0x000005c8       0x1f C:/android-ndk-r8/toolchains/arm-linux-androideabi-4.4.3/prebuilt/windows/bin/../lib/gcc/arm-linux-androideabi/4.4.3\libgcc.a(_divdi3.o)
 .debug_pubnames
                0x000005e7       0x20 C:/android-ndk-r8/toolchains/arm-linux-androideabi-4.4.3/prebuilt/windows/bin/../lib/gcc/arm-linux-androideabi/4.4.3\libgcc.a(_udivdi3.o)

.debug_info     0x00000000     0x8a62
 *(.debug_info .gnu.linkonce.wi.*)
 .debug_info    0x00000000     0x5cf5 debug\CustomURLHandler_platform.os
 .debug_info    0x00005cf5      0x13c debug\CustomURLHandler.os
 .debug_info    0x00005e31       0xec debug\CustomURLHandler_register.os
 .debug_info    0x00005f1d      0x10b C:/android-ndk-r8/toolchains/arm-linux-androideabi-4.4.3/prebuilt/windows/bin/../lib/gcc/arm-linux-androideabi/4.4.3\libgcc.a(_aeabi_ldivmod.o)
 .debug_info    0x00006028       0xde C:/android-ndk-r8/toolchains/arm-linux-androideabi-4.4.3/prebuilt/windows/bin/../lib/gcc/arm-linux-androideabi/4.4.3\libgcc.a(bpabi.o)
 .debug_info    0x00006106     0x1424 C:/android-ndk-r8/toolchains/arm-linux-androideabi-4.4.3/prebuilt/windows/bin/../lib/gcc/arm-linux-androideabi/4.4.3\libgcc.a(unwind-arm.o)
 .debug_info    0x0000752a      0x10f C:/android-ndk-r8/toolchains/arm-linux-androideabi-4.4.3/prebuilt/windows/bin/../lib/gcc/arm-linux-androideabi/4.4.3\libgcc.a(libunwind.o)
 .debug_info    0x00007639      0x636 C:/android-ndk-r8/toolchains/arm-linux-androideabi-4.4.3/prebuilt/windows/bin/../lib/gcc/arm-linux-androideabi/4.4.3\libgcc.a(pr-support.o)
 .debug_info    0x00007c6f      0x606 C:/android-ndk-r8/toolchains/arm-linux-androideabi-4.4.3/prebuilt/windows/bin/../lib/gcc/arm-linux-androideabi/4.4.3\libgcc.a(_divdi3.o)
 .debug_info    0x00008275      0x5cb C:/android-ndk-r8/toolchains/arm-linux-androideabi-4.4.3/prebuilt/windows/bin/../lib/gcc/arm-linux-androideabi/4.4.3\libgcc.a(_udivdi3.o)
 .debug_info    0x00008840      0x111 C:/android-ndk-r8/toolchains/arm-linux-androideabi-4.4.3/prebuilt/windows/bin/../lib/gcc/arm-linux-androideabi/4.4.3\libgcc.a(_udivsi3.o)
 .debug_info    0x00008951      0x111 C:/android-ndk-r8/toolchains/arm-linux-androideabi-4.4.3/prebuilt/windows/bin/../lib/gcc/arm-linux-androideabi/4.4.3\libgcc.a(_dvmd_lnx.o)

.debug_abbrev   0x00000000      0xdf5
 *(.debug_abbrev)
 .debug_abbrev  0x00000000      0x2ff debug\CustomURLHandler_platform.os
 .debug_abbrev  0x000002ff       0xd8 debug\CustomURLHandler.os
 .debug_abbrev  0x000003d7       0x91 debug\CustomURLHandler_register.os
 .debug_abbrev  0x00000468       0x14 C:/android-ndk-r8/toolchains/arm-linux-androideabi-4.4.3/prebuilt/windows/bin/../lib/gcc/arm-linux-androideabi/4.4.3\libgcc.a(_aeabi_ldivmod.o)
 .debug_abbrev  0x0000047c       0x6a C:/android-ndk-r8/toolchains/arm-linux-androideabi-4.4.3/prebuilt/windows/bin/../lib/gcc/arm-linux-androideabi/4.4.3\libgcc.a(bpabi.o)
 .debug_abbrev  0x000004e6      0x3bb C:/android-ndk-r8/toolchains/arm-linux-androideabi-4.4.3/prebuilt/windows/bin/../lib/gcc/arm-linux-androideabi/4.4.3\libgcc.a(unwind-arm.o)
 .debug_abbrev  0x000008a1       0x14 C:/android-ndk-r8/toolchains/arm-linux-androideabi-4.4.3/prebuilt/windows/bin/../lib/gcc/arm-linux-androideabi/4.4.3\libgcc.a(libunwind.o)
 .debug_abbrev  0x000008b5      0x220 C:/android-ndk-r8/toolchains/arm-linux-androideabi-4.4.3/prebuilt/windows/bin/../lib/gcc/arm-linux-androideabi/4.4.3\libgcc.a(pr-support.o)
 .debug_abbrev  0x00000ad5      0x18b C:/android-ndk-r8/toolchains/arm-linux-androideabi-4.4.3/prebuilt/windows/bin/../lib/gcc/arm-linux-androideabi/4.4.3\libgcc.a(_divdi3.o)
 .debug_abbrev  0x00000c60      0x16d C:/android-ndk-r8/toolchains/arm-linux-androideabi-4.4.3/prebuilt/windows/bin/../lib/gcc/arm-linux-androideabi/4.4.3\libgcc.a(_udivdi3.o)
 .debug_abbrev  0x00000dcd       0x14 C:/android-ndk-r8/toolchains/arm-linux-androideabi-4.4.3/prebuilt/windows/bin/../lib/gcc/arm-linux-androideabi/4.4.3\libgcc.a(_udivsi3.o)
 .debug_abbrev  0x00000de1       0x14 C:/android-ndk-r8/toolchains/arm-linux-androideabi-4.4.3/prebuilt/windows/bin/../lib/gcc/arm-linux-androideabi/4.4.3\libgcc.a(_dvmd_lnx.o)

.debug_line     0x00000000     0x1317
 *(.debug_line)
 .debug_line    0x00000000      0x376 debug\CustomURLHandler_platform.os
 .debug_line    0x00000376       0xed debug\CustomURLHandler.os
 .debug_line    0x00000463       0xa2 debug\CustomURLHandler_register.os
 .debug_line    0x00000505       0xb9 C:/android-ndk-r8/toolchains/arm-linux-androideabi-4.4.3/prebuilt/windows/bin/../lib/gcc/arm-linux-androideabi/4.4.3\libgcc.a(_aeabi_ldivmod.o)
 .debug_line    0x000005be       0xbf C:/android-ndk-r8/toolchains/arm-linux-androideabi-4.4.3/prebuilt/windows/bin/../lib/gcc/arm-linux-androideabi/4.4.3\libgcc.a(bpabi.o)
 .debug_line    0x0000067d      0x4e8 C:/android-ndk-r8/toolchains/arm-linux-androideabi-4.4.3/prebuilt/windows/bin/../lib/gcc/arm-linux-androideabi/4.4.3\libgcc.a(unwind-arm.o)
 .debug_line    0x00000b65      0x105 C:/android-ndk-r8/toolchains/arm-linux-androideabi-4.4.3/prebuilt/windows/bin/../lib/gcc/arm-linux-androideabi/4.4.3\libgcc.a(libunwind.o)
 .debug_line    0x00000c6a      0x1e8 C:/android-ndk-r8/toolchains/arm-linux-androideabi-4.4.3/prebuilt/windows/bin/../lib/gcc/arm-linux-androideabi/4.4.3\libgcc.a(pr-support.o)
 .debug_line    0x00000e52      0x19b C:/android-ndk-r8/toolchains/arm-linux-androideabi-4.4.3/prebuilt/windows/bin/../lib/gcc/arm-linux-androideabi/4.4.3\libgcc.a(_divdi3.o)
 .debug_line    0x00000fed      0x18b C:/android-ndk-r8/toolchains/arm-linux-androideabi-4.4.3/prebuilt/windows/bin/../lib/gcc/arm-linux-androideabi/4.4.3\libgcc.a(_udivdi3.o)
 .debug_line    0x00001178       0xe0 C:/android-ndk-r8/toolchains/arm-linux-androideabi-4.4.3/prebuilt/windows/bin/../lib/gcc/arm-linux-androideabi/4.4.3\libgcc.a(_udivsi3.o)
 .debug_line    0x00001258       0xbf C:/android-ndk-r8/toolchains/arm-linux-androideabi-4.4.3/prebuilt/windows/bin/../lib/gcc/arm-linux-androideabi/4.4.3\libgcc.a(_dvmd_lnx.o)

.debug_frame    0x00000000      0x7f4
 *(.debug_frame)
 .debug_frame   0x00000000      0x2c8 debug\CustomURLHandler_platform.os
 .debug_frame   0x000002c8       0x80 debug\CustomURLHandler.os
 .debug_frame   0x00000348       0x48 debug\CustomURLHandler_register.os
 .debug_frame   0x00000390       0x60 C:/android-ndk-r8/toolchains/arm-linux-androideabi-4.4.3/prebuilt/windows/bin/../lib/gcc/arm-linux-androideabi/4.4.3\libgcc.a(bpabi.o)
 .debug_frame   0x000003f0      0x248 C:/android-ndk-r8/toolchains/arm-linux-androideabi-4.4.3/prebuilt/windows/bin/../lib/gcc/arm-linux-androideabi/4.4.3\libgcc.a(unwind-arm.o)
 .debug_frame   0x00000638      0x108 C:/android-ndk-r8/toolchains/arm-linux-androideabi-4.4.3/prebuilt/windows/bin/../lib/gcc/arm-linux-androideabi/4.4.3\libgcc.a(pr-support.o)
 .debug_frame   0x00000740       0x44 C:/android-ndk-r8/toolchains/arm-linux-androideabi-4.4.3/prebuilt/windows/bin/../lib/gcc/arm-linux-androideabi/4.4.3\libgcc.a(_divdi3.o)
 .debug_frame   0x00000784       0x48 C:/android-ndk-r8/toolchains/arm-linux-androideabi-4.4.3/prebuilt/windows/bin/../lib/gcc/arm-linux-androideabi/4.4.3\libgcc.a(_udivdi3.o)
 .debug_frame   0x000007cc       0x28 C:/android-ndk-r8/toolchains/arm-linux-androideabi-4.4.3/prebuilt/windows/bin/../lib/gcc/arm-linux-androideabi/4.4.3\libgcc.a(_udivsi3.o)

.debug_str      0x00000000     0x5624
 *(.debug_str)
 .debug_str     0x00000000     0x48fb debug\CustomURLHandler_platform.os
                               0x4a87 (size before relaxing)
 .debug_str     0x000048fb       0xb9 debug\CustomURLHandler.os
                                0x225 (size before relaxing)
 .debug_str     0x000049b4       0xa0 debug\CustomURLHandler_register.os
                                0x1a1 (size before relaxing)
 .debug_str     0x00004a54       0xcd C:/android-ndk-r8/toolchains/arm-linux-androideabi-4.4.3/prebuilt/windows/bin/../lib/gcc/arm-linux-androideabi/4.4.3\libgcc.a(bpabi.o)
                                 0xf2 (size before relaxing)
 .debug_str     0x00004b21      0x82d C:/android-ndk-r8/toolchains/arm-linux-androideabi-4.4.3/prebuilt/windows/bin/../lib/gcc/arm-linux-androideabi/4.4.3\libgcc.a(unwind-arm.o)
                                0x908 (size before relaxing)
 .debug_str     0x0000534e      0x151 C:/android-ndk-r8/toolchains/arm-linux-androideabi-4.4.3/prebuilt/windows/bin/../lib/gcc/arm-linux-androideabi/4.4.3\libgcc.a(pr-support.o)
                                0x46e (size before relaxing)
 .debug_str     0x0000549f      0x17b C:/android-ndk-r8/toolchains/arm-linux-androideabi-4.4.3/prebuilt/windows/bin/../lib/gcc/arm-linux-androideabi/4.4.3\libgcc.a(_divdi3.o)
                                0x22b (size before relaxing)
 .debug_str     0x0000561a        0xa C:/android-ndk-r8/toolchains/arm-linux-androideabi-4.4.3/prebuilt/windows/bin/../lib/gcc/arm-linux-androideabi/4.4.3\libgcc.a(_udivdi3.o)
                                0x22c (size before relaxing)

.debug_loc      0x00000000     0x2611
 *(.debug_loc)
 .debug_loc     0x00000000      0x42c debug\CustomURLHandler_platform.os
 .debug_loc     0x0000042c       0x8c debug\CustomURLHandler.os
 .debug_loc     0x000004b8       0x4c debug\CustomURLHandler_register.os
 .debug_loc     0x00000504      0x120 C:/android-ndk-r8/toolchains/arm-linux-androideabi-4.4.3/prebuilt/windows/bin/../lib/gcc/arm-linux-androideabi/4.4.3\libgcc.a(bpabi.o)
 .debug_loc     0x00000624      0xfef C:/android-ndk-r8/toolchains/arm-linux-androideabi-4.4.3/prebuilt/windows/bin/../lib/gcc/arm-linux-androideabi/4.4.3\libgcc.a(unwind-arm.o)
 .debug_loc     0x00001613      0x2f9 C:/android-ndk-r8/toolchains/arm-linux-androideabi-4.4.3/prebuilt/windows/bin/../lib/gcc/arm-linux-androideabi/4.4.3\libgcc.a(pr-support.o)
 .debug_loc     0x0000190c      0x6cf C:/android-ndk-r8/toolchains/arm-linux-androideabi-4.4.3/prebuilt/windows/bin/../lib/gcc/arm-linux-androideabi/4.4.3\libgcc.a(_divdi3.o)
 .debug_loc     0x00001fdb      0x636 C:/android-ndk-r8/toolchains/arm-linux-androideabi-4.4.3/prebuilt/windows/bin/../lib/gcc/arm-linux-androideabi/4.4.3\libgcc.a(_udivdi3.o)

.debug_macinfo
 *(.debug_macinfo)

.debug_weaknames
 *(.debug_weaknames)

.debug_funcnames
 *(.debug_funcnames)

.debug_typenames
 *(.debug_typenames)

.debug_varnames
 *(.debug_varnames)

.debug_pubtypes
 *(.debug_pubtypes)

.debug_ranges   0x00000000      0x460
 *(.debug_ranges)
 .debug_ranges  0x00000000       0xd0 debug\CustomURLHandler_platform.os
 .debug_ranges  0x000000d0       0x28 debug\CustomURLHandler.os
 .debug_ranges  0x000000f8       0x18 debug\CustomURLHandler_register.os
 .debug_ranges  0x00000110      0x1f8 C:/android-ndk-r8/toolchains/arm-linux-androideabi-4.4.3/prebuilt/windows/bin/../lib/gcc/arm-linux-androideabi/4.4.3\libgcc.a(unwind-arm.o)
 .debug_ranges  0x00000308       0x30 C:/android-ndk-r8/toolchains/arm-linux-androideabi-4.4.3/prebuilt/windows/bin/../lib/gcc/arm-linux-androideabi/4.4.3\libgcc.a(pr-support.o)
 .debug_ranges  0x00000338       0xa0 C:/android-ndk-r8/toolchains/arm-linux-androideabi-4.4.3/prebuilt/windows/bin/../lib/gcc/arm-linux-androideabi/4.4.3\libgcc.a(_divdi3.o)
 .debug_ranges  0x000003d8       0x88 C:/android-ndk-r8/toolchains/arm-linux-androideabi-4.4.3/prebuilt/windows/bin/../lib/gcc/arm-linux-androideabi/4.4.3\libgcc.a(_udivdi3.o)

.gnu.attributes
 *(.gnu.attributes)

.note.gnu.arm.ident
 *(.note.gnu.arm.ident)

/DISCARD/
 *(.note.GNU-stack)
 *(.gnu_debuglink)
OUTPUT(C:\marmalade\6.0\extensions\customurlhandler\lib\android\libCustomURLHandler_d.so elf32-littlearm)

.ARM.attributes
                0x00000000       0x2b
 .ARM.attributes
                0x00000000       0x28 debug\CustomURLHandler_platform.os
 .ARM.attributes
                0x00000028       0x28 debug\CustomURLHandler.os
 .ARM.attributes
                0x00000050       0x28 debug\CustomURLHandler_register.os
 .ARM.attributes
                0x00000078       0x2c C:\marmalade\6.0\s3e\edk\lib\android\libedk.a(IwDebug.o)
 .ARM.attributes
                0x000000a4       0x2c C:\marmalade\6.0\s3e\edk\lib\android\libedk.a(edk_helpers.o)
 .ARM.attributes
                0x000000d0       0x19 C:/android-ndk-r8/toolchains/arm-linux-androideabi-4.4.3/prebuilt/windows/bin/../lib/gcc/arm-linux-androideabi/4.4.3\libgcc.a(_aeabi_ldivmod.o)
 .ARM.attributes
                0x000000e9       0x29 C:/android-ndk-r8/toolchains/arm-linux-androideabi-4.4.3/prebuilt/windows/bin/../lib/gcc/arm-linux-androideabi/4.4.3\libgcc.a(bpabi.o)
 .ARM.attributes
                0x00000112       0x29 C:/android-ndk-r8/toolchains/arm-linux-androideabi-4.4.3/prebuilt/windows/bin/../lib/gcc/arm-linux-androideabi/4.4.3\libgcc.a(unwind-arm.o)
 .ARM.attributes
                0x0000013b       0x19 C:/android-ndk-r8/toolchains/arm-linux-androideabi-4.4.3/prebuilt/windows/bin/../lib/gcc/arm-linux-androideabi/4.4.3\libgcc.a(libunwind.o)
 .ARM.attributes
                0x00000154       0x29 C:/android-ndk-r8/toolchains/arm-linux-androideabi-4.4.3/prebuilt/windows/bin/../lib/gcc/arm-linux-androideabi/4.4.3\libgcc.a(pr-support.o)
 .ARM.attributes
                0x0000017d       0x29 C:/android-ndk-r8/toolchains/arm-linux-androideabi-4.4.3/prebuilt/windows/bin/../lib/gcc/arm-linux-androideabi/4.4.3\libgcc.a(_divdi3.o)
 .ARM.attributes
                0x000001a6       0x29 C:/android-ndk-r8/toolchains/arm-linux-androideabi-4.4.3/prebuilt/windows/bin/../lib/gcc/arm-linux-androideabi/4.4.3\libgcc.a(_udivdi3.o)
 .ARM.attributes
                0x000001cf       0x19 C:/android-ndk-r8/toolchains/arm-linux-androideabi-4.4.3/prebuilt/windows/bin/../lib/gcc/arm-linux-androideabi/4.4.3\libgcc.a(_udivsi3.o)
 .ARM.attributes
                0x000001e8       0x19 C:/android-ndk-r8/toolchains/arm-linux-androideabi-4.4.3/prebuilt/windows/bin/../lib/gcc/arm-linux-androideabi/4.4.3\libgcc.a(_dvmd_lnx.o)
