Archive member included because of file (symbol)

C:\Marmalade\6.0\s3e\edk\lib\android\libedk.a(edk_helpers.o)
                              release\CustomURLHandler_platform.os (s3eEdkThreadRunOnOS)

Discarded input sections

 _ZN7_JNIEnv16CallObjectMethodEP8_jobjectP10_jmethodIDz
                0x00000000        0x0 release\CustomURLHandler_platform.os
 _ZN7_JNIEnv14CallVoidMethodEP8_jobjectP10_jmethodIDz
                0x00000000        0x0 release\CustomURLHandler_platform.os
 _ZN7_JNIEnv9NewObjectEP7_jclassP10_jmethodIDz
                0x00000000        0x0 release\CustomURLHandler_platform.os
 .text          0x00000000        0x0 release\CustomURLHandler_platform.os
 .text._Z10getCStringP8_jstring
                0x00000000        0x0 release\CustomURLHandler_platform.os
 .note.GNU-stack
                0x00000000        0x0 release\CustomURLHandler_platform.os
 .text          0x00000000        0x0 release\CustomURLHandler.os
 .data          0x00000000        0x0 release\CustomURLHandler.os
 .bss           0x00000000        0x0 release\CustomURLHandler.os
 .note.GNU-stack
                0x00000000        0x0 release\CustomURLHandler.os
 .text          0x00000000        0x0 release\CustomURLHandler_register.os
 .data          0x00000000        0x0 release\CustomURLHandler_register.os
 .bss           0x00000000        0x0 release\CustomURLHandler_register.os
 .text._Z27CustomURLHandlerRegisterExtv
                0x00000000        0x0 release\CustomURLHandler_register.os
 .note.GNU-stack
                0x00000000        0x0 release\CustomURLHandler_register.os
 .text          0x00000000        0x0 C:\Marmalade\6.0\s3e\edk\lib\android\libedk.a(edk_helpers.o)
 .data          0x00000000        0x0 C:\Marmalade\6.0\s3e\edk\lib\android\libedk.a(edk_helpers.o)
 .bss           0x00000000        0x0 C:\Marmalade\6.0\s3e\edk\lib\android\libedk.a(edk_helpers.o)
 .text.s3eEdkThreadRunOnOSAsync
                0x00000000        0x0 C:\Marmalade\6.0\s3e\edk\lib\android\libedk.a(edk_helpers.o)
 .ARM.extab.text.s3eEdkThreadRunOnOSAsync
                0x00000000        0x0 C:\Marmalade\6.0\s3e\edk\lib\android\libedk.a(edk_helpers.o)
 .ARM.exidx.text.s3eEdkThreadRunOnOSAsync
                0x00000000        0x0 C:\Marmalade\6.0\s3e\edk\lib\android\libedk.a(edk_helpers.o)
 .text.s3eEdkErrorSetString
                0x00000000        0x0 C:\Marmalade\6.0\s3e\edk\lib\android\libedk.a(edk_helpers.o)
 .ARM.extab.text.s3eEdkErrorSetString
                0x00000000        0x0 C:\Marmalade\6.0\s3e\edk\lib\android\libedk.a(edk_helpers.o)
 .ARM.exidx.text.s3eEdkErrorSetString
                0x00000000        0x0 C:\Marmalade\6.0\s3e\edk\lib\android\libedk.a(edk_helpers.o)
 .note.GNU-stack
                0x00000000        0x0 C:\Marmalade\6.0\s3e\edk\lib\android\libedk.a(edk_helpers.o)

Memory Configuration

Name             Origin             Length             Attributes
*default*        0x00000000         0xffffffff

Linker script and memory map

LOAD release\CustomURLHandler_platform.os
LOAD release\CustomURLHandler.os
LOAD release\CustomURLHandler_register.os
LOAD C:\Marmalade\6.0\s3e\edk\lib\android\libedk.a
LOAD C:\Marmalade\6.0\s3e\edk\lib\android/libplaceholderplaceholderplaceholderplaceholderplaceholder.so
LOAD C:\android-ndk-r8\platforms\android-9\arch-arm\usr\lib/libc.so
LOAD C:\android-ndk-r8\platforms\android-9\arch-arm\usr\lib/libm.so
LOAD C:\android-ndk-r8\platforms\android-9\arch-arm\usr\lib/liblog.so
LOAD C:\android-ndk-r8\platforms\android-9\arch-arm\usr\lib/libstdc++.so
LOAD C:/android-ndk-r8/toolchains/arm-linux-androideabi-4.4.3/prebuilt/windows/bin/../lib/gcc/arm-linux-androideabi/4.4.3\libgcc.a
                0x000000d4                . = (0x0 + SIZEOF_HEADERS)

.note.gnu.build-id
 *(.note.gnu.build-id)

.hash           0x000000d4       0xb0
 *(.hash)
 .hash          0x000000d4       0xb0 release\CustomURLHandler_platform.os

.gnu.hash
 *(.gnu.hash)

.dynsym         0x00000184      0x190
 *(.dynsym)
 .dynsym        0x00000184      0x190 release\CustomURLHandler_platform.os

.dynstr         0x00000314      0x164
 *(.dynstr)
 .dynstr        0x00000314      0x164 release\CustomURLHandler_platform.os

.gnu.version    0x00000478        0x0
 *(.gnu.version)
 .gnu.version   0x00000000        0x0 release\CustomURLHandler_platform.os

.gnu.version_d  0x00000478        0x0
 *(.gnu.version_d)
 .gnu.version_d
                0x00000000        0x0 release\CustomURLHandler_platform.os

.gnu.version_r  0x00000478        0x0
 *(.gnu.version_r)
 .gnu.version_r
                0x00000000        0x0 release\CustomURLHandler_platform.os

.rel.dyn        0x00000478       0x20
 *(.rel.init)
 *(.rel.text .rel.text.* .rel.gnu.linkonce.t.*)
 *(.rel.fini)
 *(.rel.rodata .rel.rodata.* .rel.gnu.linkonce.r.*)
 *(.rel.data.rel.ro* .rel.gnu.linkonce.d.rel.ro.*)
 *(.rel.data .rel.data.* .rel.gnu.linkonce.d.*)
 *(.rel.tdata .rel.tdata.* .rel.gnu.linkonce.td.*)
 *(.rel.tbss .rel.tbss.* .rel.gnu.linkonce.tb.*)
 *(.rel.ctors)
 *(.rel.dtors)
 *(.rel.got)
 .rel.got       0x00000478       0x20 release\CustomURLHandler_platform.os
 *(.rel.bss .rel.bss.* .rel.gnu.linkonce.b.*)

.rela.dyn
 *(.rela.init)
 *(.rela.text .rela.text.* .rela.gnu.linkonce.t.*)
 *(.rela.fini)
 *(.rela.rodata .rela.rodata.* .rela.gnu.linkonce.r.*)
 *(.rela.data .rela.data.* .rela.gnu.linkonce.d.*)
 *(.rela.tdata .rela.tdata.* .rela.gnu.linkonce.td.*)
 *(.rela.tbss .rela.tbss.* .rela.gnu.linkonce.tb.*)
 *(.rela.ctors)
 *(.rela.dtors)
 *(.rela.got)
 *(.rela.bss .rela.bss.* .rela.gnu.linkonce.b.*)

.rel.plt        0x00000498       0x40
 *(.rel.plt)
 .rel.plt       0x00000498       0x40 release\CustomURLHandler_platform.os

.rela.plt
 *(.rela.plt)

.init
 *(.init)

.plt            0x000004d8       0x74
 *(.plt)
 .plt           0x000004d8       0x74 release\CustomURLHandler_platform.os

.text           0x0000054c      0x600
 *(.text .stub .text.* .gnu.linkonce.t.*)
 .text._ZN7_JNIEnv16CallObjectMethodEP8_jobjectP10_jmethodIDz
                0x0000054c       0x38 release\CustomURLHandler_platform.os
                0x0000054c                _JNIEnv::CallObjectMethod(_jobject*, _jmethodID*, ...)
 .text._ZN7_JNIEnv14CallVoidMethodEP8_jobjectP10_jmethodIDz
                0x00000584       0x38 release\CustomURLHandler_platform.os
                0x00000584                _JNIEnv::CallVoidMethod(_jobject*, _jmethodID*, ...)
 .text._ZN7_JNIEnv9NewObjectEP7_jclassP10_jmethodIDz
                0x000005bc       0x38 release\CustomURLHandler_platform.os
                0x000005bc                _JNIEnv::NewObject(_jclass*, _jmethodID*, ...)
 .text._Z34CustomURLHandlerTerminate_platformv
                0x000005f4       0x28 release\CustomURLHandler_platform.os
                0x000005f4                CustomURLHandlerTerminate_platform()
 .text._Z29CustomURLHandlerInit_platformv
                0x0000061c      0x1e8 release\CustomURLHandler_platform.os
                0x0000061c                CustomURLHandlerInit_platform()
 .text._Z33CustomURLHandlerRegister_platformPFiPKcE
                0x00000804       0x58 release\CustomURLHandler_platform.os
                0x00000804                CustomURLHandlerRegister_platform(int (*)(char const*))
 .text._ZL27s3eEdkAndroidFindClass_realPKc
                0x0000085c       0xa0 release\CustomURLHandler_platform.os
 .text._Z31CustomURLHandlerGetURL_platformv
                0x000008fc      0x158 release\CustomURLHandler_platform.os
                0x000008fc                CustomURLHandlerGetURL_platform()
 .text.CustomURLHandlerGetURL
                0x00000a54       0x10 release\CustomURLHandler.os
                0x00000a54                CustomURLHandlerGetURL
 .text.CustomURLHandlerRegister
                0x00000a64       0x10 release\CustomURLHandler.os
                0x00000a64                CustomURLHandlerRegister
 .text._Z25CustomURLHandlerTerminatev
                0x00000a74       0x10 release\CustomURLHandler.os
                0x00000a74                CustomURLHandlerTerminate()
 .text._Z20CustomURLHandlerInitv
                0x00000a84       0x10 release\CustomURLHandler.os
                0x00000a84                CustomURLHandlerInit()
 .text.RegisterExt
                0x00000a94       0x88 release\CustomURLHandler_register.os
                0x00000a94                RegisterExt
 .text.s3eEdkThreadRunOnOS
                0x00000b1c       0x30 C:\Marmalade\6.0\s3e\edk\lib\android\libedk.a(edk_helpers.o)
                0x00000b1c                s3eEdkThreadRunOnOS
 *(.gnu.warning)
 *(.glue_7t)
 .glue_7t       0x00000000        0x0 linker stubs
 *(.glue_7)
 .glue_7        0x00000000        0x0 linker stubs
 *(.vfp11_veneer)
 .vfp11_veneer  0x00000000        0x0 linker stubs
 *(.v4_bx)
 .v4_bx         0x00000000        0x0 linker stubs

.fini
 *(.fini)
                0x00000b4c                PROVIDE (__etext, .)
                0x00000b4c                PROVIDE (_etext, .)
                0x00000b4c                PROVIDE (etext, .)

.rodata         0x00000b4c       0x6c
 *(.rodata .rodata.* .gnu.linkonce.r.*)
 .rodata.str1.4
                0x00000b4c       0x6c release\CustomURLHandler_platform.os
 .rodata.str1.4
                0x00000000       0x14 release\CustomURLHandler_register.os

.rodata1
 *(.rodata1)

.ARM.extab      0x00000bb8        0xc
 *(.ARM.extab* .gnu.linkonce.armextab.*)
 .ARM.extab.text.s3eEdkThreadRunOnOS
                0x00000bb8        0xc C:\Marmalade\6.0\s3e\edk\lib\android\libedk.a(edk_helpers.o)
                0x00000bc4                __exidx_start = .

.ARM.exidx      0x00000bc4        0x8
 *(.ARM.exidx* .gnu.linkonce.armexidx.*)
 .ARM.exidx.text.s3eEdkThreadRunOnOS
                0x00000bc4        0x8 C:\Marmalade\6.0\s3e\edk\lib\android\libedk.a(edk_helpers.o)
                0x00000bcc                __exidx_end = .

.eh_frame_hdr
 *(.eh_frame_hdr)

.eh_frame
 *(.eh_frame)

.gcc_except_table
 *(.gcc_except_table .gcc_except_table.*)
                0x00000bcc                . = (ALIGN (0x1000) - ((0x1000 - .) & 0xfff))
                0x00001bcc                . = (0x1000 DATA_SEGMENT_ALIGN 0x1000)

.eh_frame
 *(.eh_frame)

.gcc_except_table
 *(.gcc_except_table .gcc_except_table.*)

.tdata
 *(.tdata .tdata.* .gnu.linkonce.td.*)

.tbss
 *(.tbss .tbss.* .gnu.linkonce.tb.*)
 *(.tcommon)

.preinit_array
 *(.preinit_array)

.init_array
 *(SORT(.init_array.*))
 *(.init_array)

.fini_array
 *(.fini_array)
 *(SORT(.fini_array.*))

.ctors
 *crtbegin.o(.ctors)
 *crtbegin?.o(.ctors)
 *(EXCLUDE_FILE(*crtend?.o *crtend.o) .ctors)
 *(SORT(.ctors.*))
 *(.ctors)

.dtors
 *crtbegin.o(.dtors)
 *crtbegin?.o(.dtors)
 *(EXCLUDE_FILE(*crtend?.o *crtend.o) .dtors)
 *(SORT(.dtors.*))
 *(.dtors)

.jcr
 *(.jcr)

.data.rel.ro
 *(.data.rel.ro.local* .gnu.linkonce.d.rel.ro.local.*)
 *(.data.rel.ro* .gnu.linkonce.d.rel.ro.*)

.dynamic        0x00001bcc       0xa8
 *(.dynamic)
 .dynamic       0x00001bcc       0xa8 release\CustomURLHandler_platform.os
                0x00001bcc                _DYNAMIC
                0x00001c74                . = (. DATA_SEGMENT_RELRO_END 0x0)

.got            0x00001c74       0x3c
 *(.got.plt)
 .got.plt       0x00001c74       0x2c release\CustomURLHandler_platform.os
                0x00001c74                _GLOBAL_OFFSET_TABLE_
 *(.got)
 .got           0x00001ca0       0x10 release\CustomURLHandler_platform.os

.data           0x00001cb0        0x4
                0x00001cb0                __data_start = .
 *(.data .data.* .gnu.linkonce.d.*)
 .data          0x00001cb0        0x4 release\CustomURLHandler_platform.os

.data1
 *(.data1)
                0x00001cb4                _edata = .
                0x00001cb4                PROVIDE (edata, .)
                0x00001cb4                __bss_start = .
                0x00001cb4                __bss_start__ = .

.bss            0x00001cb4       0x10
 *(.dynbss)
 .dynbss        0x00000000        0x0 release\CustomURLHandler_platform.os
 *(.bss .bss.* .gnu.linkonce.b.*)
 .bss           0x00001cb4       0x10 release\CustomURLHandler_platform.os
 *(COMMON)
                0x00001cc4                . = ALIGN ((. != 0x0)?0x4:0x1)
                0x00001cc4                _bss_end__ = .
                0x00001cc4                __bss_end__ = .
                0x00001cc4                . = ALIGN (0x4)
                0x00001cc4                . = ALIGN (0x4)
                0x00001cc4                __end__ = .
                0x00001cc4                _end = .
                0x00001cc4                PROVIDE (end, .)
                0x00001cc4                . = DATA_SEGMENT_END (.)

.stab
 *(.stab)

.stabstr
 *(.stabstr)

.stab.excl
 *(.stab.excl)

.stab.exclstr
 *(.stab.exclstr)

.stab.index
 *(.stab.index)

.stab.indexstr
 *(.stab.indexstr)

.comment        0x00000000       0x61
 *(.comment)
 .comment       0x00000000       0x12 release\CustomURLHandler_platform.os
 .comment       0x00000012       0x12 release\CustomURLHandler.os
 .comment       0x00000024       0x12 release\CustomURLHandler_register.os
 .comment       0x00000036       0x2b C:\Marmalade\6.0\s3e\edk\lib\android\libedk.a(edk_helpers.o)

.debug
 *(.debug)

.line
 *(.line)

.debug_srcinfo
 *(.debug_srcinfo)

.debug_sfnames
 *(.debug_sfnames)

.debug_aranges
 *(.debug_aranges)

.debug_pubnames
 *(.debug_pubnames)

.debug_info
 *(.debug_info .gnu.linkonce.wi.*)

.debug_abbrev
 *(.debug_abbrev)

.debug_line
 *(.debug_line)

.debug_frame
 *(.debug_frame)

.debug_str
 *(.debug_str)

.debug_loc
 *(.debug_loc)

.debug_macinfo
 *(.debug_macinfo)

.debug_weaknames
 *(.debug_weaknames)

.debug_funcnames
 *(.debug_funcnames)

.debug_typenames
 *(.debug_typenames)

.debug_varnames
 *(.debug_varnames)

.debug_pubtypes
 *(.debug_pubtypes)

.debug_ranges
 *(.debug_ranges)

.gnu.attributes
 *(.gnu.attributes)

.note.gnu.arm.ident
 *(.note.gnu.arm.ident)

/DISCARD/
 *(.note.GNU-stack)
 *(.gnu_debuglink)
OUTPUT(C:\Marmalade\6.0\extensions\CustomURLHandler\lib\android\libCustomURLHandler.so elf32-littlearm)

.ARM.attributes
                0x00000000       0x2a
 .ARM.attributes
                0x00000000       0x28 release\CustomURLHandler_platform.os
 .ARM.attributes
                0x00000028       0x28 release\CustomURLHandler.os
 .ARM.attributes
                0x00000050       0x28 release\CustomURLHandler_register.os
 .ARM.attributes
                0x00000078       0x2c C:\Marmalade\6.0\s3e\edk\lib\android\libedk.a(edk_helpers.o)
